// Jest Snapshot v1, https://goo.gl/fbAQLP

exports[`renders the input and submit component 1`] = `
<div>
  <input
    className="form-control"
    id={undefined}
    onChange={[Function]}
    placeholder="qualification title"
    type={undefined}
    value=""
  />
  <button
    className="btn btn-default"
    disabled={false}
    onClick={[Function]}
    type="button"
  >
    Submit
  </button>
</div>
`;
